2026-09-12 15:42:56 [WARNING] yt-dlp warning: [youtube:tab] YouTube said: INFO - 2 unavailable videos are hidden
2026-09-12 15:43:12 [INFO] Starting download | url=https://www.youtube.com/watch?v=5IoHaod8tkE | quality=1080p | destination=/home/moustafa-faried/Downloads/مسلسل الجماعة/الجزء الاول | filename=الجزء الاول الحلقة 1.mp4
2026-09-12 15:43:13 [WARNING] yt-dlp warning: [youtube] No supported JavaScript runtime could be found. Only deno is enabled by default; to use another runtime add  --js-runtimes RUNTIME[:PATH]  to your command/config. YouTube extraction without a JS runtime has been deprecated, and some formats may be missing. See  https://github.com/yt-dlp/yt-dlp/wiki/EJS  for details on installing one
2026-09-12 15:45:57 [WARNING] yt-dlp warning: [youtube:tab] YouTube said: INFO - 2 unavailable videos are hidden
2026-09-12 15:46:17 [INFO] Starting download | url=https://www.youtube.com/watch?v=5IoHaod8tkE | quality=best | destination=/home/moustafa-faried/Downloads/مسلسل الجماعة/الجزء الاول | filename=1.mp4
2026-09-12 15:46:18 [WARNING] yt-dlp warning: [youtube] No supported JavaScript runtime could be found. Only deno is enabled by default; to use another runtime add  --js-runtimes RUNTIME[:PATH]  to your command/config. YouTube extraction without a JS runtime has been deprecated, and some formats may be missing. See  https://github.com/yt-dlp/yt-dlp/wiki/EJS  for details on installing one
2026-09-12 15:48:05 [INFO] Download succeeded | url=https://www.youtube.com/watch?v=5IoHaod8tkE | file=1.mp4
2026-09-12 15:48:05 [INFO] Starting download | url=https://www.youtube.com/watch?v=OKmqdU4exp8 | quality=best | destination=/home/moustafa-faried/Downloads/مسلسل الجماعة/الجزء الاول | filename=2.mp4
2026-09-12 15:48:06 [WARNING] yt-dlp warning: [youtube] No supported JavaScript runtime could be found. Only deno is enabled by default; to use another runtime add  --js-runtimes RUNTIME[:PATH]  to your command/config. YouTube extraction without a JS runtime has been deprecated, and some formats may be missing. See  https://github.com/yt-dlp/yt-dlp/wiki/EJS  for details on installing one
2026-09-12 15:49:40 [INFO] Download succeeded | url=https://www.youtube.com/watch?v=OKmqdU4exp8 | file=2.mp4
2026-09-12 15:49:40 [INFO] Starting download | url=https://www.youtube.com/watch?v=LOKVK4MbrV0 | quality=best | destination=/home/moustafa-faried/Downloads/مسلسل الجماعة/الجزء الاول | filename=3.mp4
2026-09-12 15:49:40 [WARNING] yt-dlp warning: [youtube] No supported JavaScript runtime could be found. Only deno is enabled by default; to use another runtime add  --js-runtimes RUNTIME[:PATH]  to your command/config. YouTube extraction without a JS runtime has been deprecated, and some formats may be missing. See  https://github.com/yt-dlp/yt-dlp/wiki/EJS  for details on installing one
2026-09-12 15:49:41 [ERROR] Download failed | url=https://www.youtube.com/watch?v=LOKVK4MbrV0 | reason=This video is unavailable.
2026-09-12 15:49:41 [INFO] Starting download | url=https://www.youtube.com/watch?v=eJeiw6JW3Bo | quality=best | destination=/home/moustafa-faried/Downloads/مسلسل الجماعة/الجزء الاول | filename=4.mp4
2026-09-12 15:49:42 [WARNING] yt-dlp warning: [youtube] No supported JavaScript runtime could be found. Only deno is enabled by default; to use another runtime add  --js-runtimes RUNTIME[:PATH]  to your command/config. YouTube extraction without a JS runtime has been deprecated, and some formats may be missing. See  https://github.com/yt-dlp/yt-dlp/wiki/EJS  for details on installing one
2026-09-12 15:51:38 [INFO] Download succeeded | url=https://www.youtube.com/watch?v=eJeiw6JW3Bo | file=4.mp4
2026-09-12 15:51:38 [INFO] Starting download | url=https://www.youtube.com/watch?v=GPsCMUOOBG8 | quality=best | destination=/home/moustafa-faried/Downloads/مسلسل الجماعة/الجزء الاول | filename=5.mp4
2026-09-12 15:51:39 [WARNING] yt-dlp warning: [youtube] No supported JavaScript runtime could be found. Only deno is enabled by default; to use another runtime add  --js-runtimes RUNTIME[:PATH]  to your command/config. YouTube extraction without a JS runtime has been deprecated, and some formats may be missing. See  https://github.com/yt-dlp/yt-dlp/wiki/EJS  for details on installing one
2026-09-12 16:08:33 [WARNING] yt-dlp warning: [youtube:tab] YouTube said: INFO - 2 unavailable videos are hidden
2026-09-12 16:08:37 [INFO] Starting download | url=https://www.youtube.com/watch?v=5IoHaod8tkE | quality=720p | destination=/home/moustafa-faried/Downloads/مسلسل الجماعة/الجزء الاول | filename=1.mp4
2026-09-12 16:08:38 [WARNING] yt-dlp warning: [youtube] No supported JavaScript runtime could be found. Only deno is enabled by default; to use another runtime add  --js-runtimes RUNTIME[:PATH]  to your command/config. YouTube extraction without a JS runtime has been deprecated, and some formats may be missing. See  https://github.com/yt-dlp/yt-dlp/wiki/EJS  for details on installing one
2026-09-12 16:14:07 [WARNING] yt-dlp warning: [youtube:tab] YouTube said: INFO - 2 unavailable videos are hidden
2026-09-12 16:14:12 [INFO] Starting download | url=https://www.youtube.com/watch?v=5IoHaod8tkE | quality=720p | destination=/home/moustafa-faried/Downloads/مسلسل الجماعة/الجزء الاول | filename=1.mp4
2026-09-12 16:14:13 [WARNING] yt-dlp warning: [youtube] No supported JavaScript runtime could be found. Only deno is enabled by default; to use another runtime add  --js-runtimes RUNTIME[:PATH]  to your command/config. YouTube extraction without a JS runtime has been deprecated, and some formats may be missing. See  https://github.com/yt-dlp/yt-dlp/wiki/EJS  for details on installing one
2026-09-12 16:18:48 [INFO] Download succeeded | url=https://www.youtube.com/watch?v=5IoHaod8tkE | file=1.mp4
2026-09-12 16:18:48 [INFO] Starting download | url=https://www.youtube.com/watch?v=OKmqdU4exp8 | quality=720p | destination=/home/moustafa-faried/Downloads/مسلسل الجماعة/الجزء الاول | filename=2.mp4
2026-09-12 16:18:49 [WARNING] yt-dlp warning: [youtube] No supported JavaScript runtime could be found. Only deno is enabled by default; to use another runtime add  --js-runtimes RUNTIME[:PATH]  to your command/config. YouTube extraction without a JS runtime has been deprecated, and some formats may be missing. See  https://github.com/yt-dlp/yt-dlp/wiki/EJS  for details on installing one
2026-09-12 16:20:32 [INFO] Download succeeded | url=https://www.youtube.com/watch?v=OKmqdU4exp8 | file=2.mp4
2026-09-12 16:20:32 [INFO] Starting download | url=https://www.youtube.com/watch?v=LOKVK4MbrV0 | quality=720p | destination=/home/moustafa-faried/Downloads/مسلسل الجماعة/الجزء الاول | filename=3.mp4
2026-09-12 16:20:33 [WARNING] yt-dlp warning: [youtube] No supported JavaScript runtime could be found. Only deno is enabled by default; to use another runtime add  --js-runtimes RUNTIME[:PATH]  to your command/config. YouTube extraction without a JS runtime has been deprecated, and some formats may be missing. See  https://github.com/yt-dlp/yt-dlp/wiki/EJS  for details on installing one
2026-09-12 16:20:33 [ERROR] Download failed | url=https://www.youtube.com/watch?v=LOKVK4MbrV0 | reason=This video is unavailable.
2026-09-12 16:20:33 [INFO] Starting download | url=https://www.youtube.com/watch?v=eJeiw6JW3Bo | quality=720p | destination=/home/moustafa-faried/Downloads/مسلسل الجماعة/الجزء الاول | filename=4.mp4
2026-09-12 16:20:34 [WARNING] yt-dlp warning: [youtube] No supported JavaScript runtime could be found. Only deno is enabled by default; to use another runtime add  --js-runtimes RUNTIME[:PATH]  to your command/config. YouTube extraction without a JS runtime has been deprecated, and some formats may be missing. See  https://github.com/yt-dlp/yt-dlp/wiki/EJS  for details on installing one
2026-09-12 16:30:55 [INFO] Download succeeded | url=https://www.youtube.com/watch?v=eJeiw6JW3Bo | file=4.mp4
2026-09-12 16:30:55 [INFO] Starting download | url=https://www.youtube.com/watch?v=GPsCMUOOBG8 | quality=720p | destination=/home/moustafa-faried/Downloads/مسلسل الجماعة/الجزء الاول | filename=5.mp4
2026-09-12 16:30:56 [WARNING] yt-dlp warning: [youtube] No supported JavaScript runtime could be found. Only deno is enabled by default; to use another runtime add  --js-runtimes RUNTIME[:PATH]  to your command/config. YouTube extraction without a JS runtime has been deprecated, and some formats may be missing. See  https://github.com/yt-dlp/yt-dlp/wiki/EJS  for details on installing one
2026-09-12 16:33:31 [INFO] Download succeeded | url=https://www.youtube.com/watch?v=GPsCMUOOBG8 | file=5.mp4
2026-09-12 16:33:31 [INFO] Starting download | url=https://www.youtube.com/watch?v=q6WE5OjZq2c | quality=720p | destination=/home/moustafa-faried/Downloads/مسلسل الجماعة/الجزء الاول | filename=6.mp4
2026-09-12 16:33:32 [WARNING] yt-dlp warning: [youtube] No supported JavaScript runtime could be found. Only deno is enabled by default; to use another runtime add  --js-runtimes RUNTIME[:PATH]  to your command/config. YouTube extraction without a JS runtime has been deprecated, and some formats may be missing. See  https://github.com/yt-dlp/yt-dlp/wiki/EJS  for details on installing one
2026-09-12 16:35:42 [INFO] Download succeeded | url=https://www.youtube.com/watch?v=q6WE5OjZq2c | file=6.mp4
2026-09-12 16:35:42 [INFO] Starting download | url=https://www.youtube.com/watch?v=YE71jC6Az9g | quality=720p | destination=/home/moustafa-faried/Downloads/مسلسل الجماعة/الجزء الاول | filename=7.mp4
2026-09-12 16:35:43 [WARNING] yt-dlp warning: [youtube] No supported JavaScript runtime could be found. Only deno is enabled by default; to use another runtime add  --js-runtimes RUNTIME[:PATH]  to your command/config. YouTube extraction without a JS runtime has been deprecated, and some formats may be missing. See  https://github.com/yt-dlp/yt-dlp/wiki/EJS  for details on installing one
2026-09-12 16:41:20 [INFO] Download succeeded | url=https://www.youtube.com/watch?v=YE71jC6Az9g | file=7.mp4
2026-09-12 16:41:20 [INFO] Starting download | url=https://www.youtube.com/watch?v=K8w2eg2_Qys | quality=720p | destination=/home/moustafa-faried/Downloads/مسلسل الجماعة/الجزء الاول | filename=8.mp4
2026-09-12 16:41:21 [WARNING] yt-dlp warning: [youtube] No supported JavaScript runtime could be found. Only deno is enabled by default; to use another runtime add  --js-runtimes RUNTIME[:PATH]  to your command/config. YouTube extraction without a JS runtime has been deprecated, and some formats may be missing. See  https://github.com/yt-dlp/yt-dlp/wiki/EJS  for details on installing one
2026-09-12 16:44:34 [INFO] Download succeeded | url=https://www.youtube.com/watch?v=K8w2eg2_Qys | file=8.mp4
2026-09-12 16:44:34 [INFO] Starting download | url=https://www.youtube.com/watch?v=7hP0cRY969Y | quality=720p | destination=/home/moustafa-faried/Downloads/مسلسل الجماعة/الجزء الاول | filename=9.mp4
2026-09-12 16:44:35 [WARNING] yt-dlp warning: [youtube] No supported JavaScript runtime could be found. Only deno is enabled by default; to use another runtime add  --js-runtimes RUNTIME[:PATH]  to your command/config. YouTube extraction without a JS runtime has been deprecated, and some formats may be missing. See  https://github.com/yt-dlp/yt-dlp/wiki/EJS  for details on installing one
2026-09-12 16:49:57 [INFO] Download succeeded | url=https://www.youtube.com/watch?v=7hP0cRY969Y | file=9.mp4
2026-09-12 16:49:57 [INFO] Starting download | url=https://www.youtube.com/watch?v=PmffM7lWXc0 | quality=720p | destination=/home/moustafa-faried/Downloads/مسلسل الجماعة/الجزء الاول | filename=10.mp4
2026-09-12 16:49:58 [WARNING] yt-dlp warning: [youtube] No supported JavaScript runtime could be found. Only deno is enabled by default; to use another runtime add  --js-runtimes RUNTIME[:PATH]  to your command/config. YouTube extraction without a JS runtime has been deprecated, and some formats may be missing. See  https://github.com/yt-dlp/yt-dlp/wiki/EJS  for details on installing one
2026-09-12 16:55:01 [INFO] Download succeeded | url=https://www.youtube.com/watch?v=PmffM7lWXc0 | file=10.mp4
2026-09-12 16:55:01 [INFO] Starting download | url=https://www.youtube.com/watch?v=qJqmR_y3uGc | quality=720p | destination=/home/moustafa-faried/Downloads/مسلسل الجماعة/الجزء الاول | filename=11.mp4
2026-09-12 16:55:02 [WARNING] yt-dlp warning: [youtube] No supported JavaScript runtime could be found. Only deno is enabled by default; to use another runtime add  --js-runtimes RUNTIME[:PATH]  to your command/config. YouTube extraction without a JS runtime has been deprecated, and some formats may be missing. See  https://github.com/yt-dlp/yt-dlp/wiki/EJS  for details on installing one
2026-09-12 16:56:46 [INFO] Download succeeded | url=https://www.youtube.com/watch?v=qJqmR_y3uGc | file=11.mp4
2026-09-12 16:56:46 [INFO] Starting download | url=https://www.youtube.com/watch?v=TeXl23Qi9DY | quality=720p | destination=/home/moustafa-faried/Downloads/مسلسل الجماعة/الجزء الاول | filename=12.mp4
2026-09-12 16:56:47 [WARNING] yt-dlp warning: [youtube] No supported JavaScript runtime could be found. Only deno is enabled by default; to use another runtime add  --js-runtimes RUNTIME[:PATH]  to your command/config. YouTube extraction without a JS runtime has been deprecated, and some formats may be missing. See  https://github.com/yt-dlp/yt-dlp/wiki/EJS  for details on installing one
2026-09-12 17:00:08 [INFO] Download succeeded | url=https://www.youtube.com/watch?v=TeXl23Qi9DY | file=12.mp4
2026-09-12 17:00:08 [INFO] Starting download | url=https://www.youtube.com/watch?v=aVkefIYew4c | quality=720p | destination=/home/moustafa-faried/Downloads/مسلسل الجماعة/الجزء الاول | filename=13.mp4
2026-09-12 17:00:09 [WARNING] yt-dlp warning: [youtube] No supported JavaScript runtime could be found. Only deno is enabled by default; to use another runtime add  --js-runtimes RUNTIME[:PATH]  to your command/config. YouTube extraction without a JS runtime has been deprecated, and some formats may be missing. See  https://github.com/yt-dlp/yt-dlp/wiki/EJS  for details on installing one
2026-09-12 17:00:09 [ERROR] Download failed | url=https://www.youtube.com/watch?v=aVkefIYew4c | reason=This video is unavailable.
2026-09-12 17:00:09 [INFO] Starting download | url=https://www.youtube.com/watch?v=U2Wn3gZjwxA | quality=720p | destination=/home/moustafa-faried/Downloads/مسلسل الجماعة/الجزء الاول | filename=14.mp4
2026-09-12 17:00:11 [WARNING] yt-dlp warning: [youtube] No supported JavaScript runtime could be found. Only deno is enabled by default; to use another runtime add  --js-runtimes RUNTIME[:PATH]  to your command/config. YouTube extraction without a JS runtime has been deprecated, and some formats may be missing. See  https://github.com/yt-dlp/yt-dlp/wiki/EJS  for details on installing one
2026-09-12 17:03:30 [INFO] Download succeeded | url=https://www.youtube.com/watch?v=U2Wn3gZjwxA | file=14.mp4
2026-09-12 17:03:30 [INFO] Starting download | url=https://www.youtube.com/watch?v=FRXW8cDjEHA | quality=720p | destination=/home/moustafa-faried/Downloads/مسلسل الجماعة/الجزء الاول | filename=15.mp4
2026-09-12 17:03:31 [WARNING] yt-dlp warning: [youtube] No supported JavaScript runtime could be found. Only deno is enabled by default; to use another runtime add  --js-runtimes RUNTIME[:PATH]  to your command/config. YouTube extraction without a JS runtime has been deprecated, and some formats may be missing. See  https://github.com/yt-dlp/yt-dlp/wiki/EJS  for details on installing one
2026-09-12 17:06:04 [INFO] Download succeeded | url=https://www.youtube.com/watch?v=FRXW8cDjEHA | file=15.mp4
2026-09-12 17:06:04 [INFO] Starting download | url=https://www.youtube.com/watch?v=ezA80iZgV1g | quality=720p | destination=/home/moustafa-faried/Downloads/مسلسل الجماعة/الجزء الاول | filename=16.mp4
2026-09-12 17:06:05 [WARNING] yt-dlp warning: [youtube] No supported JavaScript runtime could be found. Only deno is enabled by default; to use another runtime add  --js-runtimes RUNTIME[:PATH]  to your command/config. YouTube extraction without a JS runtime has been deprecated, and some formats may be missing. See  https://github.com/yt-dlp/yt-dlp/wiki/EJS  for details on installing one
2026-09-12 17:11:32 [INFO] Download succeeded | url=https://www.youtube.com/watch?v=ezA80iZgV1g | file=16.mp4
2026-09-12 17:11:32 [INFO] Starting download | url=https://www.youtube.com/watch?v=XDk_0gGvz5E | quality=720p | destination=/home/moustafa-faried/Downloads/مسلسل الجماعة/الجزء الاول | filename=17.mp4
2026-09-12 17:11:33 [WARNING] yt-dlp warning: [youtube] No supported JavaScript runtime could be found. Only deno is enabled by default; to use another runtime add  --js-runtimes RUNTIME[:PATH]  to your command/config. YouTube extraction without a JS runtime has been deprecated, and some formats may be missing. See  https://github.com/yt-dlp/yt-dlp/wiki/EJS  for details on installing one
2026-09-12 17:19:26 [INFO] Download succeeded | url=https://www.youtube.com/watch?v=XDk_0gGvz5E | file=17.mp4
2026-09-12 17:19:26 [INFO] Starting download | url=https://www.youtube.com/watch?v=lfKqIWmN1pQ | quality=720p | destination=/home/moustafa-faried/Downloads/مسلسل الجماعة/الجزء الاول | filename=18.mp4
2026-09-12 17:19:27 [WARNING] yt-dlp warning: [youtube] No supported JavaScript runtime could be found. Only deno is enabled by default; to use another runtime add  --js-runtimes RUNTIME[:PATH]  to your command/config. YouTube extraction without a JS runtime has been deprecated, and some formats may be missing. See  https://github.com/yt-dlp/yt-dlp/wiki/EJS  for details on installing one
2026-09-12 17:21:22 [INFO] Download succeeded | url=https://www.youtube.com/watch?v=lfKqIWmN1pQ | file=18.mp4
2026-09-12 17:21:22 [INFO] Starting download | url=https://www.youtube.com/watch?v=c-Yel3JcF2Q | quality=720p | destination=/home/moustafa-faried/Downloads/مسلسل الجماعة/الجزء الاول | filename=19.mp4
2026-09-12 17:21:23 [WARNING] yt-dlp warning: [youtube] No supported JavaScript runtime could be found. Only deno is enabled by default; to use another runtime add  --js-runtimes RUNTIME[:PATH]  to your command/config. YouTube extraction without a JS runtime has been deprecated, and some formats may be missing. See  https://github.com/yt-dlp/yt-dlp/wiki/EJS  for details on installing one
2026-09-12 17:23:41 [INFO] Download succeeded | url=https://www.youtube.com/watch?v=c-Yel3JcF2Q | file=19.mp4
2026-09-12 17:23:41 [INFO] Starting download | url=https://www.youtube.com/watch?v=cIov7YCRrAs | quality=720p | destination=/home/moustafa-faried/Downloads/مسلسل الجماعة/الجزء الاول | filename=20.mp4
2026-09-12 17:23:42 [WARNING] yt-dlp warning: [youtube] No supported JavaScript runtime could be found. Only deno is enabled by default; to use another runtime add  --js-runtimes RUNTIME[:PATH]  to your command/config. YouTube extraction without a JS runtime has been deprecated, and some formats may be missing. See  https://github.com/yt-dlp/yt-dlp/wiki/EJS  for details on installing one
2026-09-12 17:30:03 [INFO] Download succeeded | url=https://www.youtube.com/watch?v=cIov7YCRrAs | file=20.mp4
2026-09-12 17:30:03 [INFO] Starting download | url=https://www.youtube.com/watch?v=tp9idCCZep8 | quality=720p | destination=/home/moustafa-faried/Downloads/مسلسل الجماعة/الجزء الاول | filename=21.mp4
2026-09-12 17:30:04 [WARNING] yt-dlp warning: [youtube] No supported JavaScript runtime could be found. Only deno is enabled by default; to use another runtime add  --js-runtimes RUNTIME[:PATH]  to your command/config. YouTube extraction without a JS runtime has been deprecated, and some formats may be missing. See  https://github.com/yt-dlp/yt-dlp/wiki/EJS  for details on installing one
2026-09-12 17:32:20 [INFO] Download succeeded | url=https://www.youtube.com/watch?v=tp9idCCZep8 | file=21.mp4
2026-09-12 17:32:20 [INFO] Starting download | url=https://www.youtube.com/watch?v=WhdFGq34ogQ | quality=720p | destination=/home/moustafa-faried/Downloads/مسلسل الجماعة/الجزء الاول | filename=22.mp4
2026-09-12 17:32:22 [WARNING] yt-dlp warning: [youtube] No supported JavaScript runtime could be found. Only deno is enabled by default; to use another runtime add  --js-runtimes RUNTIME[:PATH]  to your command/config. YouTube extraction without a JS runtime has been deprecated, and some formats may be missing. See  https://github.com/yt-dlp/yt-dlp/wiki/EJS  for details on installing one
2026-09-12 17:33:57 [INFO] Download succeeded | url=https://www.youtube.com/watch?v=WhdFGq34ogQ | file=22.mp4
2026-09-12 17:33:57 [INFO] Starting download | url=https://www.youtube.com/watch?v=-fItZJQQLQU | quality=720p | destination=/home/moustafa-faried/Downloads/مسلسل الجماعة/الجزء الاول | filename=23.mp4
2026-09-12 17:33:58 [WARNING] yt-dlp warning: [youtube] No supported JavaScript runtime could be found. Only deno is enabled by default; to use another runtime add  --js-runtimes RUNTIME[:PATH]  to your command/config. YouTube extraction without a JS runtime has been deprecated, and some formats may be missing. See  https://github.com/yt-dlp/yt-dlp/wiki/EJS  for details on installing one
2026-09-12 17:35:44 [INFO] Download succeeded | url=https://www.youtube.com/watch?v=-fItZJQQLQU | file=23.mp4
2026-09-12 17:35:44 [INFO] Starting download | url=https://www.youtube.com/watch?v=FiK4ZNOylcs | quality=720p | destination=/home/moustafa-faried/Downloads/مسلسل الجماعة/الجزء الاول | filename=24.mp4
2026-09-12 17:35:45 [WARNING] yt-dlp warning: [youtube] No supported JavaScript runtime could be found. Only deno is enabled by default; to use another runtime add  --js-runtimes RUNTIME[:PATH]  to your command/config. YouTube extraction without a JS runtime has been deprecated, and some formats may be missing. See  https://github.com/yt-dlp/yt-dlp/wiki/EJS  for details on installing one
2026-09-12 17:37:18 [INFO] Download succeeded | url=https://www.youtube.com/watch?v=FiK4ZNOylcs | file=24.mp4
2026-09-12 17:37:18 [INFO] Starting download | url=https://www.youtube.com/watch?v=X_FLofWpKP4 | quality=720p | destination=/home/moustafa-faried/Downloads/مسلسل الجماعة/الجزء الاول | filename=25.mp4
2026-09-12 17:37:19 [WARNING] yt-dlp warning: [youtube] No supported JavaScript runtime could be found. Only deno is enabled by default; to use another runtime add  --js-runtimes RUNTIME[:PATH]  to your command/config. YouTube extraction without a JS runtime has been deprecated, and some formats may be missing. See  https://github.com/yt-dlp/yt-dlp/wiki/EJS  for details on installing one
2026-09-12 17:38:58 [INFO] Download succeeded | url=https://www.youtube.com/watch?v=X_FLofWpKP4 | file=25.mp4
2026-09-12 17:38:58 [INFO] Starting download | url=https://www.youtube.com/watch?v=wblc7pdS_WM | quality=720p | destination=/home/moustafa-faried/Downloads/مسلسل الجماعة/الجزء الاول | filename=26.mp4
2026-09-12 17:38:59 [WARNING] yt-dlp warning: [youtube] No supported JavaScript runtime could be found. Only deno is enabled by default; to use another runtime add  --js-runtimes RUNTIME[:PATH]  to your command/config. YouTube extraction without a JS runtime has been deprecated, and some formats may be missing. See  https://github.com/yt-dlp/yt-dlp/wiki/EJS  for details on installing one
2026-09-12 17:40:46 [INFO] Download succeeded | url=https://www.youtube.com/watch?v=wblc7pdS_WM | file=26.mp4
2026-09-12 17:40:46 [INFO] Starting download | url=https://www.youtube.com/watch?v=5XS2cza649E | quality=720p | destination=/home/moustafa-faried/Downloads/مسلسل الجماعة/الجزء الاول | filename=27.mp4
2026-09-12 17:40:48 [WARNING] yt-dlp warning: [youtube] No supported JavaScript runtime could be found. Only deno is enabled by default; to use another runtime add  --js-runtimes RUNTIME[:PATH]  to your command/config. YouTube extraction without a JS runtime has been deprecated, and some formats may be missing. See  https://github.com/yt-dlp/yt-dlp/wiki/EJS  for details on installing one
2026-09-12 17:42:34 [INFO] Download succeeded | url=https://www.youtube.com/watch?v=5XS2cza649E | file=27.mp4
2026-09-12 17:42:34 [INFO] Starting download | url=https://www.youtube.com/watch?v=hviRGA3L1IA | quality=720p | destination=/home/moustafa-faried/Downloads/مسلسل الجماعة/الجزء الاول | filename=28.mp4
2026-09-12 17:42:35 [WARNING] yt-dlp warning: [youtube] No supported JavaScript runtime could be found. Only deno is enabled by default; to use another runtime add  --js-runtimes RUNTIME[:PATH]  to your command/config. YouTube extraction without a JS runtime has been deprecated, and some formats may be missing. See  https://github.com/yt-dlp/yt-dlp/wiki/EJS  for details on installing one
2026-09-12 17:44:19 [INFO] Download succeeded | url=https://www.youtube.com/watch?v=hviRGA3L1IA | file=28.mp4
2026-09-12 17:44:19 [INFO] Starting download | url=https://www.youtube.com/watch?v=1r7Lwto75Bs | quality=720p | destination=/home/moustafa-faried/Downloads/مسلسل الجماعة/الجزء الاول | filename=29.mp4
2026-09-12 17:44:20 [WARNING] yt-dlp warning: [youtube] No supported JavaScript runtime could be found. Only deno is enabled by default; to use another runtime add  --js-runtimes RUNTIME[:PATH]  to your command/config. YouTube extraction without a JS runtime has been deprecated, and some formats may be missing. See  https://github.com/yt-dlp/yt-dlp/wiki/EJS  for details on installing one
2026-09-12 17:45:43 [INFO] Download succeeded | url=https://www.youtube.com/watch?v=1r7Lwto75Bs | file=29.mp4
